# Image index order. NEVER reorder or remove lines - only append.
document
document_export
document_import
document_new
document_open
document_preview
document_print
document_save
document_save_all
document_save_as
document_text
folder
folder_add
folder_open
edit
edit_copy
edit_cut
edit_delete
edit_find
edit_paste
edit_redo
edit_undo
zoom_in
zoom_out
add
apply
cancel
filter
refresh
remove
sort_ascending
sort_descending
trash
arrow_down
arrow_left
arrow_right
arrow_up
home
nav_first
nav_last
nav_next
nav_prior
chart_bar
chart_pie
database
database_add
report
table
table_add
table_delete
attachment
barcode
box
calculator
calendar
cart
clock
error
exit
flag
globe
help
image
info
key
lightbulb
lock
mail
money
phone
settings
star
tag
truck
user
user_add
users
warning
folder_delete
chart_line
database_delete
bell
bookmark
bug
building
car
chat
cloud
credit_card
download
eye
gift
heart
hourglass
link
location
moon
plugin
receipt
shield
sun
terminal
trophy
upload
user_delete
wallet
wrench
battery
camera
cd
computer
hard_disk
keyboard
laptop
mobile_phone
monitor
mouse
network
power
server
tv
headphones
microphone
music
mute
pause
play
record
stop
video
volume
align_center
align_left
align_right
color_palette
font
list_bullet
paint_brush
text_bold
text_italic
text_underline
